{
    "contraCheque": [
        {
            "idContraCheque": "mppi/07/2018/1",
            "chaveColeta": "mppi/07/2018",
            "nome": "CLAUDIA PESSOA MARQUES DA ROCHA SEABRA",
            "matricula": "16213",
            "funcao": "12º PROMOTOR(A) DE JUSTICA DE TERESINA, CHEFE DE GABINETE",
            "ativo": true,
            "remuneracoes": {
                "remuneracao": [
                    {
                        "categoria": "contracheque_jul_aug_sept_dec_18",
                        "item": "Remuneração do Cargo Efetivo/Proventos/Bolsa Estágio",
                        "valor": 28947.55
                    },
                    {
                        "categoria": "contracheque_jul_aug_sept_dec_18",
                        "item": "Outras Verbas Remuneratórias, Legais ou Judiciais",
                        "tipoReceita": "O"
                    },
                    {
                        "categoria": "contracheque_jul_aug_sept_dec_18",
                        "item": "Função de Confiança ou Cargo em Comissão",
                        "valor": 5789.51,
                        "tipoReceita": "O"
                    },
                    {
                        "categoria": "contracheque_jul_aug_sept_dec_18",
                        "item": "Gratificação Natalina",
                        "tipoReceita": "O"
                    },
                    {
                        "categoria": "contracheque_jul_aug_sept_dec_18",
                        "item": "Férias (1/3 constitucional)",
                        "tipoReceita": "O"
                    },
                    {
                        "categoria": "contracheque_jul_aug_sept_dec_18",
                        "item": "Abono de Permanência",
                        "tipoReceita": "O"
                    },
                    {
                        "natureza": "D",
                        "categoria": "contracheque_jul_aug_sept_dec_18",
                        "item": "Contribuição Previdenciária",
                        "valor": -4052.66
                    },
                    {
                        "natureza": "D",
                        "categoria": "contracheque_jul_aug_sept_dec_18",
                        "item": "Imposto de Renda",
                        "valor": -7196.71
                    },
                    {
                        "natureza": "D",
                        "categoria": "contracheque_jul_aug_sept_dec_18",
                        "item": "Retenção por Teto Constitucional",
                        "valor": -974.06
                    }
                ]
            }
        }
    ]
}