{
    "contraCheque": [
        {
            "idContraCheque": "mppi/7/2019/1",
            "chaveColeta": "mppi/7/2019",
            "nome": "VALESCA CALAND NORONHA",
            "matricula": "16633",
            "funcao": "1º PROMOTOR(A) DE JUSTICA DE REGENERACAO, DIRETOR(A) DA SEDE DAS PROMOTORIAS DE JUSTICA DE REGENERACAO",
            "ativo": true,
            "remuneracoes": {
                "remuneracao": [
                    {
                        "categoria": "contracheque_jul19_forward",
                        "item": "Remuneração do Cargo Efetivo/Proventos/Bolsa Estágio",
                        "valor": 32004.65
                    },
                    {
                        "categoria": "contracheque_jul19_forward",
                        "item": "Outras Verbas Remuneratórias, Legais ou Judiciais",
                        "tipoReceita": "O"
                    },
                    {
                        "categoria": "contracheque_jul19_forward",
                        "item": "Função de Confiança ou Cargo em Comissão",
                        "valor": 1600.23,
                        "tipoReceita": "O"
                    },
                    {
                        "categoria": "contracheque_jul19_forward",
                        "item": "Gratificação Natalina",
                        "tipoReceita": "O"
                    },
                    {
                        "categoria": "contracheque_jul19_forward",
                        "item": "Férias (1/3 constitucional)",
                        "tipoReceita": "O"
                    },
                    {
                        "categoria": "contracheque_jul19_forward",
                        "item": "Abono de Permanência",
                        "tipoReceita": "O"
                    },
                    {
                        "natureza": "D",
                        "categoria": "contracheque_jul19_forward",
                        "item": "Contribuição Previdenciária",
                        "valor": -4480.65
                    },
                    {
                        "natureza": "D",
                        "categoria": "contracheque_jul19_forward",
                        "item": "Imposto de Renda",
                        "valor": -7139.8
                    },
                    {
                        "natureza": "D",
                        "categoria": "contracheque_jul19_forward",
                        "item": "Retenção por Teto Constitucional"
                    }
                ]
            }
        }
    ]
}