{
    "contraCheque": [
        {
            "idContraCheque": "mppi/1/2019/1",
            "chaveColeta": "mppi/1/2019",
            "nome": "ALIPIO DE SANTANA RIBEIRO",
            "matricula": "15939",
            "funcao": "2º PROCURADOR(A) DE JUSTIÇA CRIMINAL",
            "ativo": true,
            "remuneracoes": {
                "remuneracao": [
                    {
                        "categoria": "contracheque_oct_nov_18_jan_to_jun19",
                        "item": "Remuneração do Cargo Efetivo/Proventos/Bolsa Estágio",
                        "valor": 35462.22
                    },
                    {
                        "categoria": "contracheque_oct_nov_18_jan_to_jun19",
                        "item": "Outras Verbas Remuneratórias, Legais ou Judiciais",
                        "valor": 5527.81,
                        "tipoReceita": "O"
                    },
                    {
                        "categoria": "contracheque_oct_nov_18_jan_to_jun19",
                        "item": "Função de Confiança ou Cargo em Comissão",
                        "tipoReceita": "O"
                    },
                    {
                        "categoria": "contracheque_oct_nov_18_jan_to_jun19",
                        "item": "Gratificação Natalina",
                        "tipoReceita": "O"
                    },
                    {
                        "categoria": "contracheque_oct_nov_18_jan_to_jun19",
                        "item": "Férias (1/3 constitucional)",
                        "tipoReceita": "O"
                    },
                    {
                        "categoria": "contracheque_oct_nov_18_jan_to_jun19",
                        "item": "Abono de Permanência",
                        "valor": 5501.06,
                        "tipoReceita": "O"
                    },
                    {
                        "natureza": "D",
                        "categoria": "contracheque_oct_nov_18_jan_to_jun19",
                        "item": "Contribuição Previdenciária",
                        "valor": -5501.06
                    },
                    {
                        "natureza": "D",
                        "categoria": "contracheque_oct_nov_18_jan_to_jun19",
                        "item": "Imposto de Renda",
                        "valor": -9936.3
                    },
                    {
                        "natureza": "D",
                        "categoria": "contracheque_oct_nov_18_jan_to_jun19",
                        "item": "Retenção por Teto Constitucional",
                        "valor": -1696.71
                    },
                    {
                        "categoria": "contracheque_oct_nov_18_jan_to_jun19",
                        "item": "Indenzações",
                        "valor": 1656.0,
                        "tipoReceita": "O"
                    },
                    {
                        "categoria": "contracheque_oct_nov_18_jan_to_jun19",
                        "item": "Outras Remunerações Retroativas/Temporárias",
                        "tipoReceita": "O"
                    }
                ]
            }
        }
    ]
}